// Jest Snapshot v1, https://goo.gl/fbAQLP

exports[`applicationLinker should work for RN 0.77 1`] = `
"package com.app

import android.app.Application
import com.facebook.react.PackageList
import com.reactnativenavigation.NavigationApplication
import com.facebook.react.ReactHost
import com.facebook.react.ReactNativeHost
import com.reactnativenavigation.react.NavigationReactNativeHost
import com.facebook.react.ReactPackage
import com.facebook.react.defaults.DefaultNewArchitectureEntryPoint.load
import com.facebook.react.defaults.DefaultReactHost.getDefaultReactHost
import com.facebook.react.defaults.DefaultReactNativeHost
import com.facebook.react.soloader.OpenSourceMergedSoMapping
import com.facebook.soloader.SoLoader

class MainApplication : NavigationApplication() {

  override val reactNativeHost: ReactNativeHost =
      object : DefaultNavigationReactNativeHost(this) {
        override fun getPackages(): List<ReactPackage> =
            PackageList(this).packages.apply {
              // Packages that cannot be autolinked yet can be added manually here, for example:
              // add(MyReactNativePackage())
            }

        override fun getJSMainModuleName(): String = "index"

        override fun getUseDeveloperSupport(): Boolean = BuildConfig.DEBUG

        override val isNewArchEnabled: Boolean = BuildConfig.IS_NEW_ARCHITECTURE_ENABLED
        override val isHermesEnabled: Boolean = BuildConfig.IS_HERMES_ENABLED
      }

  override val reactHost: ReactHost
    get() = getDefaultReactHost(applicationContext, reactNativeHost)

  override fun onCreate() {
    super.onCreate()
    
    
  }
}
"
`;
